"","V1"
"1",96867.6666666667
"2",1.05091826305991
"3",1.3351548332261
"4",5.86917547306806
"5",8.25524856935407
"6",88871
