"","input","filtered","denoisedF","denoisedR","merged","nonchim"
"Sample1",94727,94120,93426,93044,88460,88460
"Sample2",92122,90811,88283,88787,82442,82442
"Sample3",103754,102618,102170,101628,95711,95711
